2025-08-23 23:24:39.933 26723-26723 nativeloader            ru.fourpda.tickets.debug             D  Load /data/user/0/ru.fourpda.tickets.debug/code_cache/startup_agents/9758b833-agent.so using system ns (caller=<unknown>): ok
2025-08-23 23:24:39.952 26723-26723 a.tickets.debug         ru.fourpda.tickets.debug             W  hiddenapi: DexFile /data/data/ru.fourpda.tickets.debug/code_cache/.studio/instruments-07dd17c6.jar is in boot class path but is not in a known location
2025-08-23 23:24:40.246 26723-26723 a.tickets.debug         ru.fourpda.tickets.debug             W  Redefining intrinsic method java.lang.Thread java.lang.Thread.currentThread(). This may cause the unexpected use of the original definition of java.lang.Thread java.lang.Thread.currentThread()in methods that have already been compiled.
2025-08-23 23:24:40.246 26723-26723 a.tickets.debug         ru.fourpda.tickets.debug             W  Redefining intrinsic method boolean java.lang.Thread.interrupted(). This may cause the unexpected use of the original definition of boolean java.lang.Thread.interrupted()in methods that have already been compiled.
---------------------------- PROCESS STARTED (26723) for package ru.fourpda.tickets.debug ----------------------------
2025-08-23 23:24:40.275   710-710   JobServiceContext       system_server                        E  Binding died for 0:ru.fourpda.tickets.debug
---------------------------- PROCESS ENDED (26723) for package ru.fourpda.tickets.debug ----------------------------
---------------------------- PROCESS STARTED (26748) for package ru.fourpda.tickets.debug ----------------------------
2025-08-23 23:24:41.058 26748-26748 ApplicationLoaders      ru.fourpda.tickets.debug             D  Returning zygote-cached class loader: /system_ext/framework/androidx.window.extensions.jar
2025-08-23 23:24:41.059 26748-26748 ApplicationLoaders      ru.fourpda.tickets.debug             D  Returning zygote-cached class loader: /system_ext/framework/androidx.window.sidecar.jar
2025-08-23 23:24:41.211 26748-26748 nativeloader            ru.fourpda.tickets.debug             D  Configuring clns-9 for other apk /data/app/~~t3f8xZIH9O3g56MXkIFxqQ==/ru.fourpda.tickets.debug-9HklbN0WX9kewLz8lWFMZw==/base.apk. target_sdk_version=35, uses_libraries=, library_path=/data/app/~~t3f8xZIH9O3g56MXkIFxqQ==/ru.fourpda.tickets.debug-9HklbN0WX9kewLz8lWFMZw==/lib/x86_64, permitted_path=/data:/mnt/expand:/data/user/0/ru.fourpda.tickets.debug
2025-08-23 23:24:41.214 26748-26748 CompatChangeReporter    ru.fourpda.tickets.debug             D  Compat change id reported: 202956589; UID 10215; state: ENABLED
2025-08-23 23:24:41.219 26748-26748 a.tickets.debug         ru.fourpda.tickets.debug             I  AssetManager2(0x73ba75e18a78) locale list changing from [] to [en-US]
2025-08-23 23:24:41.220 26748-26748 a.tickets.debug         ru.fourpda.tickets.debug             I  AssetManager2(0x73ba75e164f8) locale list changing from [] to [en-US]
2025-08-23 23:24:41.224 26748-26748 GraphicsEnvironment     ru.fourpda.tickets.debug             V  Currently set values for:
2025-08-23 23:24:41.224 26748-26748 GraphicsEnvironment     ru.fourpda.tickets.debug             V    angle_gl_driver_selection_pkgs=[]
2025-08-23 23:24:41.224 26748-26748 GraphicsEnvironment     ru.fourpda.tickets.debug             V    angle_gl_driver_selection_values=[]
2025-08-23 23:24:41.224 26748-26748 GraphicsEnvironment     ru.fourpda.tickets.debug             V  ru.fourpda.tickets.debug is not listed in per-application setting
2025-08-23 23:24:41.224 26748-26748 GraphicsEnvironment     ru.fourpda.tickets.debug             V  ANGLE allowlist from config: 
2025-08-23 23:24:41.224 26748-26748 GraphicsEnvironment     ru.fourpda.tickets.debug             V  ru.fourpda.tickets.debug is not listed in ANGLE allowlist or settings, returning default
2025-08-23 23:24:41.224 26748-26748 GraphicsEnvironment     ru.fourpda.tickets.debug             V  Neither updatable production driver nor prerelease driver is supported.
2025-08-23 23:24:41.274 26748-26748 a.tickets.debug         ru.fourpda.tickets.debug             I  hiddenapi: Accessing hidden method Landroid/view/WindowManagerGlobal;->getInstance()Landroid/view/WindowManagerGlobal; (runtime_flags=0, domain=platform, api=unsupported) from Lcurtains/internal/WindowManagerSpy$windowManagerInstance$2; (domain=app) using reflection: allowed
2025-08-23 23:24:41.275 26748-26748 a.tickets.debug         ru.fourpda.tickets.debug             I  hiddenapi: Accessing hidden field Landroid/view/WindowManagerGlobal;->mViews:Ljava/util/ArrayList; (runtime_flags=0, domain=platform, api=unsupported) from Lcurtains/internal/WindowManagerSpy$mViewsField$2; (domain=app) using reflection: allowed
2025-08-23 23:24:41.276 26748-26748 a.tickets.debug         ru.fourpda.tickets.debug             I  hiddenapi: Accessing hidden field Landroid/app/ActivityThread;->mH:Landroid/app/ActivityThread$H; (runtime_flags=0, domain=platform, api=unsupported) from Lleakcanary/ServiceWatcher; (domain=app) using reflection: allowed
2025-08-23 23:24:41.276 26748-26748 a.tickets.debug         ru.fourpda.tickets.debug             I  hiddenapi: Accessing hidden method Landroid/app/ActivityThread;->currentActivityThread()Landroid/app/ActivityThread; (runtime_flags=0, domain=platform, api=unsupported) from Lleakcanary/ServiceWatcher$activityThreadInstance$2; (domain=app) using reflection: allowed
2025-08-23 23:24:41.278 26748-26748 a.tickets.debug         ru.fourpda.tickets.debug             I  hiddenapi: Accessing hidden field Landroid/os/Handler;->mCallback:Landroid/os/Handler$Callback; (runtime_flags=0, domain=platform, api=unsupported) from Lleakcanary/ServiceWatcher; (domain=app) using reflection: allowed
2025-08-23 23:24:41.278 26748-26748 a.tickets.debug         ru.fourpda.tickets.debug             I  hiddenapi: Accessing hidden field Landroid/util/Singleton;->mInstance:Ljava/lang/Object; (runtime_flags=0, domain=platform, api=unsupported) from Lleakcanary/ServiceWatcher; (domain=app) using reflection: allowed
2025-08-23 23:24:41.279 26748-26748 a.tickets.debug         ru.fourpda.tickets.debug             I  hiddenapi: Accessing hidden method Landroid/util/Singleton;->get()Ljava/lang/Object; (runtime_flags=0, domain=platform, api=unsupported) from Lleakcanary/ServiceWatcher; (domain=app) using reflection: allowed
2025-08-23 23:24:41.280 26748-26748 a.tickets.debug         ru.fourpda.tickets.debug             I  hiddenapi: Accessing hidden field Landroid/app/ActivityManager;->IActivityManagerSingleton:Landroid/util/Singleton; (runtime_flags=0, domain=platform, api=unsupported) from Lleakcanary/ServiceWatcher; (domain=app) using reflection: allowed
2025-08-23 23:24:41.291 26748-26748 CompatChangeReporter    ru.fourpda.tickets.debug             D  Compat change id reported: 312399441; UID 10215; state: ENABLED
2025-08-23 23:24:41.304 26748-26748 CompatChangeReporter    ru.fourpda.tickets.debug             D  Compat change id reported: 279646685; UID 10215; state: ENABLED
2025-08-23 23:24:41.311 26748-26748 WM-WrkMgrInitializer    ru.fourpda.tickets.debug             D  Initializing WorkManager with default configuration.
2025-08-23 23:24:41.354 26748-26748 WM-PackageManagerHelper ru.fourpda.tickets.debug             D  Skipping component enablement for androidx.work.impl.background.systemjob.SystemJobService
2025-08-23 23:24:41.354 26748-26748 WM-Schedulers           ru.fourpda.tickets.debug             D  Created SystemJobScheduler and enabled SystemJobService
2025-08-23 23:24:41.369 26748-26765 ashmem                  ru.fourpda.tickets.debug             E  Pinning is deprecated since Android Q. Please use trim or other methods.
2025-08-23 23:24:41.371 26748-26748 FileLogger              ru.fourpda.tickets.debug             W  âš ï¸ ÐÐµÑ‚ Ñ€Ð°Ð·Ñ€ÐµÑˆÐµÐ½Ð¸Ñ Ð½Ð° Ð·Ð°Ð¿Ð¸ÑÑŒ Ð²Ð¾ Ð²Ð½ÐµÑˆÐ½ÐµÐµ Ñ…Ñ€Ð°Ð½Ð¸Ð»Ð¸Ñ‰Ðµ
2025-08-23 23:24:41.371 26748-26748 TicketApp               ru.fourpda.tickets.debug             D  âœ… Ð“Ð»Ð¾Ð±Ð°Ð»ÑŒÐ½Ñ‹Ð¹ Ð¾Ð±Ñ€Ð°Ð±Ð¾Ñ‚Ñ‡Ð¸Ðº Ð¸ÑÐºÐ»ÑŽÑ‡ÐµÐ½Ð¸Ð¹ ÑƒÑÑ‚Ð°Ð½Ð¾Ð²Ð»ÐµÐ½
2025-08-23 23:24:41.371 26748-26748 TicketApp               ru.fourpda.tickets.debug             I  ðŸš€ TicketApplication ÑÐ¾Ð·Ð´Ð°Ð½Ð¾
2025-08-23 23:24:41.371 26748-26748 TicketApp               ru.fourpda.tickets.debug             D  ðŸš€ TicketApplication ÑÐ¾Ð·Ð´Ð°Ð½Ð¾
2025-08-23 23:24:41.380 26748-26766 DisplayManager          ru.fourpda.tickets.debug             I  Choreographer implicitly registered for the refresh rate.
2025-08-23 23:24:41.383 26748-26748 a.tickets.debug         ru.fourpda.tickets.debug             I  AssetManager2(0x73ba75e1f4b8) locale list changing from [] to [en-US]
2025-08-23 23:24:41.417 26748-26766 EGL_emulation           ru.fourpda.tickets.debug             I  Opening libGLESv1_CM_emulation.so
2025-08-23 23:24:41.418 26748-26766 EGL_emulation           ru.fourpda.tickets.debug             I  Opening libGLESv2_emulation.so
2025-08-23 23:24:41.446 26748-26766 HWUI                    ru.fourpda.tickets.debug             W  Failed to choose config with EGL_SWAP_BEHAVIOR_PRESERVED, retrying without...
2025-08-23 23:24:41.446 26748-26766 HWUI                    ru.fourpda.tickets.debug             W  Failed to initialize 101010-2 format, error = EGL_SUCCESS
2025-08-23 23:24:41.446 26748-26765 CompatChangeReporter    ru.fourpda.tickets.debug             D  Compat change id reported: 311402873; UID 10215; state: ENABLED
2025-08-23 23:24:41.446 26748-26765 CompatChangeReporter    ru.fourpda.tickets.debug             D  Compat change id reported: 323349338; UID 10215; state: ENABLED
2025-08-23 23:24:41.457 26748-26748 AppCompatDelegate       ru.fourpda.tickets.debug             D  Checking for metadata for AppLocalesMetadataHolderService : Service not found
2025-08-23 23:24:41.457 26748-26748 a.tickets.debug         ru.fourpda.tickets.debug             I  AssetManager2(0x73ba75e14f18) locale list changing from [] to [en-US]
2025-08-23 23:24:41.501 26748-26748 CompatChangeReporter    ru.fourpda.tickets.debug             D  Compat change id reported: 309578419; UID 10215; state: ENABLED
2025-08-23 23:24:41.501 26748-26748 DesktopModeFlags        ru.fourpda.tickets.debug             D  Toggle override initialized to: OVERRIDE_UNSET
2025-08-23 23:24:41.511 26748-26764 LeakCanary              ru.fourpda.tickets.debug             D  LeakCanary is running and ready to detect memory leaks.
2025-08-23 23:24:41.526 26748-26748 a.tickets.debug         ru.fourpda.tickets.debug             I  hiddenapi: Accessing hidden method Landroid/view/ViewGroup;->makeOptionalFitsSystemWindows()V (runtime_flags=0, domain=platform, api=unsupported) from Landroidx/appcompat/widget/ViewUtils; (domain=app) using reflection: allowed
2025-08-23 23:24:41.531 26748-26748 a.tickets.debug         ru.fourpda.tickets.debug             I  AssetManager2(0x73ba75e1ded8) locale list changing from [] to [en-US]
2025-08-23 23:24:41.531 26748-26748 WebViewFactory          ru.fourpda.tickets.debug             I  Loading com.google.android.webview version 138.0.7204.179 (code 720417938)
2025-08-23 23:24:41.532 26748-26748 a.tickets.debug         ru.fourpda.tickets.debug             I  AssetManager2(0x73ba75e1a058) locale list changing from [] to [en-US]
2025-08-23 23:24:41.532 26748-26748 a.tickets.debug         ru.fourpda.tickets.debug             I  AssetManager2(0x73ba75e1cc18) locale list changing from [] to [en-US]
2025-08-23 23:24:41.533 26748-26748 a.tickets.debug         ru.fourpda.tickets.debug             I  AssetManager2(0x73ba75e1f198) locale list changing from [] to [en-US]
2025-08-23 23:24:41.534 26748-26748 a.tickets.debug         ru.fourpda.tickets.debug             I  AssetManager2(0x73ba75e1eb58) locale list changing from [] to [en-US]
2025-08-23 23:24:41.534 26748-26748 a.tickets.debug         ru.fourpda.tickets.debug             I  AssetManager2(0x73ba75e210d8) locale list changing from [] to [en-US]
2025-08-23 23:24:41.534 26748-26748 ResourcesManager        ru.fourpda.tickets.debug             V  The following library key has been added: ResourcesKey{ mHash=6114809b mResDir=null mSplitDirs=[] mOverlayDirs=[] mLibDirs=[/data/app/~~QXHWeGJySD79fiaRcegytQ==/com.google.android.webview-PnL_t4DRV36rkP84Ze8lKw==/base.apk,/data/app/~~4UO4l8RgbqScBXP0BhUexQ==/com.google.android.trichromelibrary_720417938-mzYeVyDVmgmuWQZQh6dMLg==/base.apk] mDisplayId=0 mOverrideConfig=v36 mCompatInfo={420dpi always-compat} mLoaders=[]}
2025-08-23 23:24:41.536 26748-26748 a.tickets.debug         ru.fourpda.tickets.debug             W  Failed to find entry 'classes.dex': Entry not found
2025-08-23 23:24:41.536 26748-26748 nativeloader            ru.fourpda.tickets.debug             D  Configuring clns-10 for other apk /data/app/~~4UO4l8RgbqScBXP0BhUexQ==/com.google.android.trichromelibrary_720417938-mzYeVyDVmgmuWQZQh6dMLg==/base.apk. target_sdk_version=35, uses_libraries=ALL, library_path=/data/app/~~QXHWeGJySD79fiaRcegytQ==/com.google.android.webview-PnL_t4DRV36rkP84Ze8lKw==/lib/x86_64:/data/app/~~QXHWeGJySD79fiaRcegytQ==/com.google.android.webview-PnL_t4DRV36rkP84Ze8lKw==/base.apk!/lib/x86_64:/data/app/~~4UO4l8RgbqScBXP0BhUexQ==/com.google.android.trichromelibrary_720417938-mzYeVyDVmgmuWQZQh6dMLg==/base.apk!/lib/x86_64, permitted_path=/data:/mnt/expand
2025-08-23 23:24:41.537 26748-26748 ApplicationLoaders      ru.fourpda.tickets.debug             D  Returning zygote-cached class loader: /system_ext/framework/androidx.window.extensions.jar
2025-08-23 23:24:41.543 26748-26748 a.tickets.debug         ru.fourpda.tickets.debug             W  Loading /data/app/~~QXHWeGJySD79fiaRcegytQ==/com.google.android.webview-PnL_t4DRV36rkP84Ze8lKw==/oat/x86_64/base.odex non-executable as it requires an image which we failed to load
2025-08-23 23:24:41.544 26748-26748 nativeloader            ru.fourpda.tickets.debug             D  Configuring clns-11 for other apk /data/app/~~QXHWeGJySD79fiaRcegytQ==/com.google.android.webview-PnL_t4DRV36rkP84Ze8lKw==/base.apk. target_sdk_version=35, uses_libraries=, library_path=/data/app/~~QXHWeGJySD79fiaRcegytQ==/com.google.android.webview-PnL_t4DRV36rkP84Ze8lKw==/lib/x86_64:/data/app/~~QXHWeGJySD79fiaRcegytQ==/com.google.android.webview-PnL_t4DRV36rkP84Ze8lKw==/base.apk!/lib/x86_64:/data/app/~~4UO4l8RgbqScBXP0BhUexQ==/com.google.android.trichromelibrary_720417938-mzYeVyDVmgmuWQZQh6dMLg==/base.apk!/lib/x86_64, permitted_path=/data:/mnt/expand
2025-08-23 23:24:41.592 26748-26748 cr_WVCFactoryProvider   ru.fourpda.tickets.debug             I  version=138.0.7204.179 (720417938) minSdkVersion=29 isBundle=false multiprocess=true packageId=2
2025-08-23 23:24:41.602 26748-26748 nativeloader            ru.fourpda.tickets.debug             D  Load /data/app/~~4UO4l8RgbqScBXP0BhUexQ==/com.google.android.trichromelibrary_720417938-mzYeVyDVmgmuWQZQh6dMLg==/base.apk!/lib/x86_64/libmonochrome_64.so using class loader ns clns-11 (caller=/data/app/~~QXHWeGJySD79fiaRcegytQ==/com.google.android.webview-PnL_t4DRV36rkP84Ze8lKw==/base.apk): ok
2025-08-23 23:24:41.606 26748-26748 nativeloader            ru.fourpda.tickets.debug             D  Load /system/lib64/libwebviewchromium_plat_support.so using class loader ns clns-11 (caller=/data/app/~~QXHWeGJySD79fiaRcegytQ==/com.google.android.webview-PnL_t4DRV36rkP84Ze8lKw==/base.apk): ok
2025-08-23 23:24:41.615 26748-26774 chromium                ru.fourpda.tickets.debug             E  [0823/202441.612027:ERROR:android_webview/browser/variations/variations_seed_loader.cc:39] Seed missing signature.
2025-08-23 23:24:41.618 26748-26774 chromium                ru.fourpda.tickets.debug             I  [0823/202441.616982:INFO:android_webview/browser/variations/variations_seed_loader.cc:67] Failed to open file for reading.: No such file or directory (2)
2025-08-23 23:24:41.622 26748-26748 cr_LibraryLoader        ru.fourpda.tickets.debug             I  Successfully loaded native library
2025-08-23 23:24:41.622 26748-26748 cr_CachingUmaRecorder   ru.fourpda.tickets.debug             I  Flushed 8 samples from 8 histograms, 0 samples were dropped.
2025-08-23 23:24:41.627 26748-26748 cr_CombinedPProvider    ru.fourpda.tickets.debug             I  #registerProvider() provider:WV.d9@b20520f isPolicyCacheEnabled:false policyProvidersSize:0
2025-08-23 23:24:41.628 26748-26748 cr_PolicyProvider       ru.fourpda.tickets.debug             I  #setManagerAndSource() 0
2025-08-23 23:24:41.633 26748-26748 a.tickets.debug         ru.fourpda.tickets.debug             I  AssetManager2(0x73ba75e1cf38) locale list changing from [] to [en-US]
2025-08-23 23:24:41.634 26748-26748 a.tickets.debug         ru.fourpda.tickets.debug             I  AssetManager2(0x73ba75e1c2b8) locale list changing from [] to [en-US]
2025-08-23 23:24:41.681 26748-26748 cr_CombinedPProvider    ru.fourpda.tickets.debug             I  #linkNativeInternal() 1
2025-08-23 23:24:41.681 26748-26748 cr_AppResProvider       ru.fourpda.tickets.debug             I  #getApplicationRestrictionsFromUserManager() Bundle[EMPTY_PARCEL]
2025-08-23 23:24:41.681 26748-26748 cr_PolicyProvider       ru.fourpda.tickets.debug             I  #notifySettingsAvailable() 0
2025-08-23 23:24:41.681 26748-26748 cr_CombinedPProvider    ru.fourpda.tickets.debug             I  #onSettingsAvailable() 0
2025-08-23 23:24:41.681 26748-26748 cr_CombinedPProvider    ru.fourpda.tickets.debug             I  #flushPolicies()
2025-08-23 23:24:41.755 26748-26748 chromium                ru.fourpda.tickets.debug             W  [WARNING:android_webview/browser/network_service/net_helpers.cc:143] HTTP Cache size is: 20971520
2025-08-23 23:24:41.814 26748-26748 CompatChangeReporter    ru.fourpda.tickets.debug             D  Compat change id reported: 352594277; UID 10215; state: ENABLED
2025-08-23 23:24:41.822 26748-26748 CompatChangeReporter    ru.fourpda.tickets.debug             D  Compat change id reported: 63938206; UID 10215; state: ENABLED
2025-08-23 23:24:41.866 26748-26748 MainActivity            ru.fourpda.tickets.debug             D  === Ð—ÐÐŸÐ£Ð¡Ðš MAIN ACTIVITY ===
2025-08-23 23:24:41.866 26748-26748 MainActivity            ru.fourpda.tickets.debug             I  === Ð—ÐÐŸÐ£Ð¡Ðš MAIN ACTIVITY ===
2025-08-23 23:24:41.868 26748-26748 MainActivity            ru.fourpda.tickets.debug             I  âœ… ÐÐ¾Ñ€Ð¼Ð°Ð»ÑŒÐ½Ñ‹Ð¹ Ð·Ð°Ð¿ÑƒÑÐº Ð¿Ñ€Ð¸Ð»Ð¾Ð¶ÐµÐ½Ð¸Ñ (Ð¿Ñ€Ð¾ÑˆÐ»Ð¾ 976524ms)
2025-08-23 23:24:41.870 26748-26748 MainActivity            ru.fourpda.tickets.debug             D  ðŸ”„ ÐŸÐ¾Ð²Ñ‚Ð¾Ñ€Ð½Ñ‹Ð¹ Ð·Ð°Ð¿ÑƒÑÐº Ð¿Ñ€Ð¸Ð»Ð¾Ð¶ÐµÐ½Ð¸Ñ
2025-08-23 23:24:41.878 26748-26748 MainActivity            ru.fourpda.tickets.debug             D  ðŸ” ÐŸÑ€Ð¾Ð²ÐµÑ€ÐºÐ° Ð°Ð²Ñ‚Ð¾Ñ€Ð¸Ð·Ð°Ñ†Ð¸Ð¸: Ð°Ð²Ñ‚Ð¾Ñ€Ð¸Ð·Ð¾Ð²Ð°Ð½
2025-08-23 23:24:41.878 26748-26748 MainActivity            ru.fourpda.tickets.debug             D  âœ… ÐŸÐ¾Ð»ÑŒÐ·Ð¾Ð²Ð°Ñ‚ÐµÐ»ÑŒ Ð°Ð²Ñ‚Ð¾Ñ€Ð¸Ð·Ð¾Ð²Ð°Ð½ - Ð¿Ð¾ÐºÐ°Ð·Ñ‹Ð²Ð°ÐµÐ¼ Ð³Ð»Ð°Ð²Ð½Ñ‹Ð¹ Ð¸Ð½Ñ‚ÐµÑ€Ñ„ÐµÐ¹Ñ
2025-08-23 23:24:41.887 26748-26800 cr_media                ru.fourpda.tickets.debug             W  BLUETOOTH_CONNECT permission is missing.
2025-08-23 23:24:41.889 26748-26800 cr_media                ru.fourpda.tickets.debug             W  getBluetoothAdapter() requires BLUETOOTH permission
2025-08-23 23:24:41.889 26748-26800 cr_media                ru.fourpda.tickets.debug             W  registerBluetoothIntentsIfNeeded: Requires BLUETOOTH permission
2025-08-23 23:24:41.905 26748-26812 libc                    ru.fourpda.tickets.debug             W  Access denied finding property "vendor.mesa.log"
2025-08-23 23:24:41.905 26748-26812 libc                    ru.fourpda.tickets.debug             W  Access denied finding property "vendor.mesa.log.file"
2025-08-23 23:24:41.905 26748-26812 MESA                    ru.fourpda.tickets.debug             E  Failed to open rendernode: No such file or directory
2025-08-23 23:24:41.919 26748-26812 libc                    ru.fourpda.tickets.debug             W  Access denied finding property "vendor.mesa.vk.trace.per.submit"
2025-08-23 23:24:41.919 26748-26812 libc                    ru.fourpda.tickets.debug             W  Access denied finding property "vendor.mesa.gallium.print.optio"
2025-08-23 23:24:41.919 26748-26812 libc                    ru.fourpda.tickets.debug             W  Access denied finding property "vendor.mesa.vk.trace.frame"
2025-08-23 23:24:41.924 26748-26812 libc                    ru.fourpda.tickets.debug             W  Access denied finding property "vendor.mesa.vk.wsi.headless.swa"
2025-08-23 23:24:41.926 26748-26748 MainActivity            ru.fourpda.tickets.debug             D  ðŸ” isMonitoringServiceRunning: explicitly_stopped=false, canScheduleAlarms=true, result=true
2025-08-23 23:24:41.926 26748-26748 MainActivity            ru.fourpda.tickets.debug             D  ðŸ”„ enableButtonsAfterTicketsLoad: Ð¼Ð¾Ð½Ð¸Ñ‚Ð¾Ñ€Ð¸Ð½Ð³ Ð·Ð°Ð¿ÑƒÑ‰ÐµÐ½
2025-08-23 23:24:41.935 26748-26748 CompatChangeReporter    ru.fourpda.tickets.debug             D  Compat change id reported: 349153669; UID 10215; state: ENABLED
2025-08-23 23:24:41.938 26748-26748 a.tickets.debug         ru.fourpda.tickets.debug             I  hiddenapi: Accessing hidden field Lcom/android/internal/policy/DecorView;->mWindow:Lcom/android/internal/policy/PhoneWindow; (runtime_flags=0, domain=platform, api=unsupported) from Lcurtains/internal/WindowSpy$windowField$2; (domain=app) using reflection: allowed
2025-08-23 23:24:41.945 26748-26748 HWUI                    ru.fourpda.tickets.debug             W  Unknown dataspace 0
2025-08-23 23:24:42.021 26748-26831 CameraManagerGlobal     ru.fourpda.tickets.debug             I  Connecting to camera service
2025-08-23 23:24:42.241 26748-26805 VideoCapabilities       ru.fourpda.tickets.debug             W  Unsupported mime video/apv
2025-08-23 23:24:42.242 26748-26805 VideoCapabilities       ru.fourpda.tickets.debug             W  Unsupported mime video/apv
2025-08-23 23:24:42.611 26748-26748 chromium                ru.fourpda.tickets.debug             I  [INFO:CONSOLE:122] "Listener added for a 'DOMSubtreeModified' mutation event. Support for this event type has been removed, and this event will no longer be fired. See https://chromestatus.com/feature/5083947249172480 for more information.", source: https://4pda.to/s/mQ60UPMqnq8WKIi8mK.js?_=1678956453 (122)
2025-08-23 23:24:42.638 26748-26753 a.tickets.debug         ru.fourpda.tickets.debug             I  Compiler allocated 5042KB to compile void android.view.ViewRootImpl.performTraversals()
2025-08-23 23:24:42.685 26748-26748 chromium                ru.fourpda.tickets.debug             I  [INFO:CONSOLE:39] "Listener added for a 'DOMNodeInserted' mutation event. Support for this event type has been removed, and this event will no longer be fired. See https://chromestatus.com/feature/5083947249172480 for more information.", source: https://4pda.to/s/mQ602ufcybLB.js?_=1678956459 (39)
2025-08-23 23:24:42.685 26748-26748 chromium                ru.fourpda.tickets.debug             I  [INFO:CONSOLE:39] "Listener added for a 'DOMNodeInsertedIntoDocument' mutation event. Support for this event type has been removed, and this event will no longer be fired. See https://chromestatus.com/feature/5083947249172480 for more information.", source: https://4pda.to/s/mQ602ufcybLB.js?_=1678956459 (39)
2025-08-23 23:24:42.718 26748-26748 MainActivity            ru.fourpda.tickets.debug             D  ðŸ” isMonitoringServiceRunning: explicitly_stopped=false, canScheduleAlarms=true, result=true
2025-08-23 23:24:42.718 26748-26748 MainActivity            ru.fourpda.tickets.debug             D  ðŸ”„ enableButtonsAfterTicketsLoad: Ð¼Ð¾Ð½Ð¸Ñ‚Ð¾Ñ€Ð¸Ð½Ð³ Ð·Ð°Ð¿ÑƒÑ‰ÐµÐ½
2025-08-23 23:24:44.173 26748-26748 InsetsController        ru.fourpda.tickets.debug             D  hide(ime(), fromIme=false)
2025-08-23 23:24:44.174 26748-26748 ImeTracker              ru.fourpda.tickets.debug             I  ru.fourpda.tickets.debug:701a8c6c: onCancelled at PHASE_CLIENT_ALREADY_HIDDEN
2025-08-23 23:24:45.098 26748-26748 ExactAlarmScheduler     ru.fourpda.tickets.debug             D  ðŸ›‘ Ð¢Ð¾Ñ‡Ð½Ñ‹Ðµ Ð±ÑƒÐ´Ð¸Ð»ÑŒÐ½Ð¸ÐºÐ¸ Ð¾Ñ‚Ð¼ÐµÐ½ÐµÐ½Ñ‹
2025-08-23 23:24:45.100 26748-26748 AlarmReceiver           ru.fourpda.tickets.debug             D  ðŸ›‘ ÐÐ»Ð»Ð°Ñ€Ð¼ Ð¾Ñ‚Ð¼ÐµÐ½ÐµÐ½
2025-08-23 23:24:45.102 26748-26748 NotificationUpdater     ru.fourpda.tickets.debug             D  âœ… Ð¡Ð»ÑƒÐ¶ÐµÐ±Ð½Ð¾Ðµ ÑƒÐ²ÐµÐ´Ð¾Ð¼Ð»ÐµÐ½Ð¸Ðµ ÑÐºÑ€Ñ‹Ñ‚Ð¾
2025-08-23 23:24:45.103 26748-26748 MainActivity            ru.fourpda.tickets.debug             I  ðŸ›‘ ÐœÐ¾Ð½Ð¸Ñ‚Ð¾Ñ€Ð¸Ð½Ð³ Ð¾ÑÑ‚Ð°Ð½Ð¾Ð²Ð»ÐµÐ½ Ð¿Ð¾Ð»ÑŒÐ·Ð¾Ð²Ð°Ñ‚ÐµÐ»ÐµÐ¼
2025-08-23 23:24:46.911 26748-26847 ProfileInstaller        ru.fourpda.tickets.debug             D  Installing profile for ru.fourpda.tickets.debug
2025-08-23 23:24:48.154 26748-26748 MainActivity            ru.fourpda.tickets.debug             D  ðŸš€ Ð˜ÑÐ¿Ð¾Ð»ÑŒÐ·ÑƒÐµÐ¼ Ñ‚Ð¾Ð»ÑŒÐºÐ¾ Ñ‚Ð¾Ñ‡Ð½Ñ‹Ðµ Ð±ÑƒÐ´Ð¸Ð»ÑŒÐ½Ð¸ÐºÐ¸ Ð±ÐµÐ· Ð¿Ð¾ÑÑ‚Ð¾ÑÐ½Ð½Ð¾Ð³Ð¾ ÑÐµÑ€Ð²Ð¸ÑÐ°
2025-08-23 23:24:48.163 26748-26748 MainActivity            ru.fourpda.tickets.debug             D  ðŸš€ Ð—Ð°Ð¿ÑƒÑ‰ÐµÐ½Ð° Ð½ÐµÐ¼ÐµÐ´Ð»ÐµÐ½Ð½Ð°Ñ Ð¿Ñ€Ð¾Ð²ÐµÑ€ÐºÐ° Ð¿Ñ€Ð¸ ÑÑ‚Ð°Ñ€Ñ‚Ðµ Ð¼Ð¾Ð½Ð¸Ñ‚Ð¾Ñ€Ð¸Ð½Ð³Ð°
2025-08-23 23:24:48.170 26748-26748 ExactAlarmScheduler     ru.fourpda.tickets.debug             D  âœ… Ð¢Ð¾Ñ‡Ð½Ñ‹Ð¹ Ð±ÑƒÐ´Ð¸Ð»ÑŒÐ½Ð¸Ðº ÑƒÑÑ‚Ð°Ð½Ð¾Ð²Ð»ÐµÐ½ Ð½Ð° 60 ÑÐµÐºÑƒÐ½Ð´ (Ñ‡ÐµÑ€ÐµÐ· 110Ñ)
2025-08-23 23:24:48.170 26748-26748 ExactAlarmScheduler     ru.fourpda.tickets.debug             D  âœ… Ð¢Ð¾Ñ‡Ð½Ñ‹Ð¹ Ð±ÑƒÐ´Ð¸Ð»ÑŒÐ½Ð¸Ðº ÑƒÑÑ‚Ð°Ð½Ð¾Ð²Ð»ÐµÐ½ Ð½Ð° 60 ÑÐµÐºÑƒÐ½Ð´ (Ñ‡ÐµÑ€ÐµÐ· 110Ñ)
2025-08-23 23:24:48.173 26748-26748 AlarmReceiver           ru.fourpda.tickets.debug             D  âœ… Ð¢Ð¾Ñ‡Ð½Ñ‹Ð¹ Ð°Ð»Ð»Ð°Ñ€Ð¼ ÑƒÑÑ‚Ð°Ð½Ð¾Ð²Ð»ÐµÐ½ (Android 12+)
2025-08-23 23:24:48.173 26748-26748 AlarmReceiver           ru.fourpda.tickets.debug             D  â° Ð¡Ð»ÐµÐ´ÑƒÑŽÑ‰Ð°Ñ Ñ€ÐµÐ·ÐµÑ€Ð²Ð½Ð°Ñ Ð¿Ñ€Ð¾Ð²ÐµÑ€ÐºÐ° Ñ‡ÐµÑ€ÐµÐ· 10 Ð¼Ð¸Ð½ÑƒÑ‚
2025-08-23 23:24:48.174 26748-26748 MainActivity            ru.fourpda.tickets.debug             I  ðŸš€ ÐœÐ¾Ð½Ð¸Ñ‚Ð¾Ñ€Ð¸Ð½Ð³ Ð·Ð°Ð¿ÑƒÑ‰ÐµÐ½ Ð¿Ð¾Ð»ÑŒÐ·Ð¾Ð²Ð°Ñ‚ÐµÐ»ÐµÐ¼
2025-08-23 23:24:48.179 26748-26849 JobInfo                 ru.fourpda.tickets.debug             W  Requested important-while-foreground flag for job253 is ignored and takes no effect
2025-08-23 23:24:48.181 26748-26748 IntentDebugger          ru.fourpda.tickets.debug             D  ðŸ”§ Ð¡Ð¾Ð·Ð´Ð°ÐµÐ¼ Ñ€Ð¾Ð±Ð°ÑÑ‚Ð½Ñ‹Ð¹ Ð¸Ð½Ñ‚ÐµÐ½Ñ‚ Ð´Ð»Ñ: https://4pda.to/forum/index.php?act=ticket
2025-08-23 23:24:48.191 26748-26748 IntentDebugger          ru.fourpda.tickets.debug             D  âŒ Ð’ÑÐµ ÑÑ‚Ñ€Ð°Ñ‚ÐµÐ³Ð¸Ð¸ 4PDA Ð½Ðµ ÑÑ€Ð°Ð±Ð¾Ñ‚Ð°Ð»Ð¸, Ð¸ÑÐ¿Ð¾Ð»ÑŒÐ·ÑƒÐµÐ¼ Ð±Ñ€Ð°ÑƒÐ·ÐµÑ€
2025-08-23 23:24:48.207 26748-26748 NotificationUpdater     ru.fourpda.tickets.debug             D  âœ… ÐÐ°Ñ‡Ð°Ð»ÑŒÐ½Ð¾Ðµ ÑÐ»ÑƒÐ¶ÐµÐ±Ð½Ð¾Ðµ ÑƒÐ²ÐµÐ´Ð¾Ð¼Ð»ÐµÐ½Ð¸Ðµ Ð¿Ð¾ÐºÐ°Ð·Ð°Ð½Ð¾, Ð¸Ð½Ñ‚ÐµÑ€Ð²Ð°Ð» 60Ñ, Ð°Ð²Ñ‚Ð¾Ñ€Ð¸Ð·Ð¾Ð²Ð°Ð½=true
2025-08-23 23:24:48.254 26748-26853 QuickCheckWorker        ru.fourpda.tickets.debug             D  ðŸ” ÐÐ°Ñ‡Ð¸Ð½Ð°ÐµÐ¼ Ð±Ñ‹ÑÑ‚Ñ€ÑƒÑŽ Ð¿Ñ€Ð¾Ð²ÐµÑ€ÐºÑƒ Ñ‚Ð¸ÐºÐµÑ‚Ð¾Ð²...
2025-08-23 23:24:48.254 26748-26853 QuickCheckWorker        ru.fourpda.tickets.debug             D  ðŸ” ÐÐ°Ñ‡Ð¸Ð½Ð°ÐµÐ¼ Ð±Ñ‹ÑÑ‚Ñ€ÑƒÑŽ Ð¿Ñ€Ð¾Ð²ÐµÑ€ÐºÑƒ Ñ‚Ð¸ÐºÐµÑ‚Ð¾Ð²...
2025-08-23 23:24:48.515 26748-26748 chromium                ru.fourpda.tickets.debug             I  [INFO:CONSOLE:122] "Listener added for a 'DOMSubtreeModified' mutation event. Support for this event type has been removed, and this event will no longer be fired. See https://chromestatus.com/feature/5083947249172480 for more information.", source: https://4pda.to/s/mQ60UPMqnq8WKIi8mK.js?_=1678956453 (122)
2025-08-23 23:24:48.567 26748-26858 QuickCheckWorker        ru.fourpda.tickets.debug             W  âš ï¸ ÐŸÑ€ÐµÐ´Ñ‹Ð´ÑƒÑ‰Ð°Ñ Ð¿Ñ€Ð¾Ð²ÐµÑ€ÐºÐ° ÐµÑ‰Ðµ Ð²Ñ‹Ð¿Ð¾Ð»Ð½ÑÐµÑ‚ÑÑ, Ð¿Ñ€Ð¾Ð¿ÑƒÑÐºÐ°ÐµÐ¼
2025-08-23 23:24:48.569 26748-26765 WM-WorkerWrapper        ru.fourpda.tickets.debug             I  Worker result SUCCESS for Work [ id=08aad06f-3ada-4fca-b896-88a6d04a435f, tags={ ru.fourpda.tickets.QuickCheckWorker, exact_alarm_check } ]
2025-08-23 23:24:48.664 26748-26748 chromium                ru.fourpda.tickets.debug             I  [INFO:CONSOLE:39] "Listener added for a 'DOMNodeInserted' mutation event. Support for this event type has been removed, and this event will no longer be fired. See https://chromestatus.com/feature/5083947249172480 for more information.", source: https://4pda.to/s/mQ602ufcybLB.js?_=1678956459 (39)
2025-08-23 23:24:48.664 26748-26748 chromium                ru.fourpda.tickets.debug             I  [INFO:CONSOLE:39] "Listener added for a 'DOMNodeInsertedIntoDocument' mutation event. Support for this event type has been removed, and this event will no longer be fired. See https://chromestatus.com/feature/5083947249172480 for more information.", source: https://4pda.to/s/mQ602ufcybLB.js?_=1678956459 (39)
2025-08-23 23:24:48.684 26748-26748 QuickCheckWorker        ru.fourpda.tickets.debug             D  ðŸ” Ð¡Ñ‚Ñ€Ð°Ð½Ð¸Ñ†Ð° Ñ‚Ð¸ÐºÐµÑ‚Ð¾Ð² Ð·Ð°Ð³Ñ€ÑƒÐ¶ÐµÐ½Ð°, Ð·Ð°Ð¿ÑƒÑÐºÐ°ÐµÐ¼ Ð±Ñ‹ÑÑ‚Ñ€ÑƒÑŽ Ð¿Ñ€Ð¾Ð²ÐµÑ€ÐºÑƒ
2025-08-23 23:24:48.686 26748-26748 TicketMonitor           ru.fourpda.tickets.debug             D  ðŸ“± TicketMonitor Ð¸Ð½Ð¸Ñ†Ð¸Ð°Ð»Ð¸Ð·Ð¸Ñ€Ð¾Ð²Ð°Ð½ Ñ JavaScript Ð¸Ð½Ñ‚ÐµÑ€Ñ„ÐµÐ¹ÑÐ¾Ð¼
2025-08-23 23:24:48.686 26748-26748 TicketMonitor           ru.fourpda.tickets.debug             D  ðŸš€ Ð—Ð°Ð¿ÑƒÑÐº Ð¼Ð¾Ð½Ð¸Ñ‚Ð¾Ñ€Ð¸Ð½Ð³Ð° Ñ‚Ð¸ÐºÐµÑ‚Ð¾Ð²
2025-08-23 23:24:49.688 26748-26748 QuickCheckWorker        ru.fourpda.tickets.debug             D  ðŸ”§ ÐŸÑ€Ð¸Ð½ÑƒÐ´Ð¸Ñ‚ÐµÐ»ÑŒÐ½Ð°Ñ Ð¸Ð½Ð¸Ñ†Ð¸Ð°Ð»Ð¸Ð·Ð°Ñ†Ð¸Ñ JavaScript Ð¸Ð½Ñ‚ÐµÑ€Ñ„ÐµÐ¹ÑÐ°
2025-08-23 23:24:49.692 26748-26748 TicketMonitor           ru.fourpda.tickets.debug             D  ðŸ”§ ÐŸÑ€Ð¾Ð²ÐµÑ€ÐºÐ° TicketJS: "undefined"
2025-08-23 23:24:49.694 26748-26748 chromium                ru.fourpda.tickets.debug             I  [INFO:CONSOLE:23] "TicketJS interface initialized", source:  (23)
2025-08-23 23:24:49.694 26748-26748 QuickCheckWorker        ru.fourpda.tickets.debug             D  ðŸ”§ JavaScript Ð¸Ð½Ñ‚ÐµÑ€Ñ„ÐµÐ¹Ñ Ð¸Ð½Ð¸Ñ†Ð¸Ð°Ð»Ð¸Ð·Ð¸Ñ€Ð¾Ð²Ð°Ð½: null
2025-08-23 23:24:49.695 26748-26748 QuickCheckWorker        ru.fourpda.tickets.debug             D  ðŸ”§ TicketJS Ð´Ð¾ÑÑ‚ÑƒÐ¿ÐµÐ½: true
2025-08-23 23:24:50.697 26748-26748 QuickCheckWorker        ru.fourpda.tickets.debug             D  ðŸ” Ð—Ð°Ð¿ÑƒÑÐºÐ°ÐµÐ¼ Ð¿Ð¾Ð¸ÑÐº Ñ‚Ð¸ÐºÐµÑ‚Ð¾Ð²
2025-08-23 23:24:50.697 26748-26748 TicketMonitor           ru.fourpda.tickets.debug             D  ðŸ” ÐŸÐ¾Ð¸ÑÐº Ñ‚Ð¸ÐºÐµÑ‚Ð¾Ð² Ð¿Ð¾ Ð·Ð°Ð¿Ñ€Ð¾ÑÑƒ
2025-08-23 23:24:50.697 26748-26748 TicketMonitor           ru.fourpda.tickets.debug             D  Ð’Ð½ÐµÐ´Ñ€ÐµÐ½Ð¸Ðµ JavaScript Ð´Ð»Ñ Ð¿Ð¾Ð¸ÑÐºÐ° Ñ‚Ð¸ÐºÐµÑ‚Ð¾Ð²
2025-08-23 23:24:51.714 26748-26748 QuickCheckWorker        ru.fourpda.tickets.debug             D  ðŸ“Š ÐŸÐµÑ€ÐµÑ…Ð²Ð°Ñ‡ÐµÐ½Ð° ÑÑ‚Ð°Ñ‚Ð¸ÑÑ‚Ð¸ÐºÐ° Ð¸Ð· console: DEBUG [8:24:50 PM]: ÐÐ½Ð°Ð»Ð¸Ð· ÑÑ‚Ñ€Ð°Ð½Ð¸Ñ†Ñ‹ Ñ‚Ð¸ÐºÐµÑ‚Ð¾Ð² 4PDA: ÐÐ°Ð¹Ð´ÐµÐ½Ð¾ ÑÑ‚Ñ€Ð¾Ðº Ñ‚Ð¸ÐºÐµÑ‚Ð¾Ð²: 6. Ð¢Ð¸ÐºÐµÑ‚ 0: row-status-2, cell-status-2; âœ… ÐÐÐ™Ð”Ð•Ð Ð¡Ð¢ÐÐ¢Ð£Ð¡-2! Ð¢Ð¸ÐºÐµÑ‚ 1: row-status-2, cell-status-2; âœ… ÐÐÐ™Ð”Ð•Ð Ð¡Ð¢ÐÐ¢Ð£Ð¡-2! Ð¢Ð¸ÐºÐµÑ‚ 2: row-status-2, cell-status-2; âœ… ÐÐÐ™Ð”Ð•Ð Ð¡Ð¢ÐÐ¢Ð£Ð¡-2! Ð¢Ð¸ÐºÐµÑ‚ 3: row-status-2, cell-status-2; âœ… ÐÐÐ™Ð”Ð•Ð Ð¡Ð¢ÐÐ¢Ð£Ð¡-2! Ð¢Ð¸ÐºÐµÑ‚ 4: row-status-2, cell-status-2; âœ… ÐÐÐ™Ð”Ð•Ð Ð¡Ð¢ÐÐ¢Ð£Ð¡-2! Ð¢Ð¸ÐºÐµÑ‚ 5: row-status-2, cell-status-2; âœ… ÐÐÐ™Ð”Ð•Ð Ð¡Ð¢ÐÐ¢Ð£Ð¡-2! Ð¡Ð¢ÐÐ¢Ð˜Ð¡Ð¢Ð˜ÐšÐ Ð¡Ð¢ÐÐ¢Ð£Ð¡ÐžÐ’: Ð²ÑÐµÐ³Ð¾=6, Ð¾Ð±Ñ€Ð°Ð±Ð¾Ñ‚Ð°Ð½Ð½Ñ‹Ñ…=6, Ð½ÐµÐ¾Ð±Ñ€Ð°Ð±Ð¾Ñ‚Ð°Ð½Ð½Ñ‹Ñ…=0, Ð² Ñ€Ð°Ð±Ð¾Ñ‚Ðµ=0. 
2025-08-23 23:24:51.716 26748-26856 QuickCheckWorker        ru.fourpda.tickets.debug             D  ðŸŽ¯ Android.logDebug: DEBUG [8:24:50 PM]: ÐÐ½Ð°Ð»Ð¸Ð· ÑÑ‚Ñ€Ð°Ð½Ð¸Ñ†Ñ‹ Ñ‚Ð¸ÐºÐµÑ‚Ð¾Ð² 4PDA: ÐÐ°Ð¹Ð´ÐµÐ½Ð¾ ÑÑ‚Ñ€Ð¾Ðº Ñ‚Ð¸ÐºÐµÑ‚Ð¾Ð²: 6. Ð¢Ð¸ÐºÐµÑ‚ 0: row-status-2, cell-status-2; âœ… ÐÐÐ™Ð”Ð•Ð Ð¡Ð¢ÐÐ¢Ð£Ð¡-2! Ð¢Ð¸ÐºÐµÑ‚ 1: row-status-2, cell-status-2; âœ… ÐÐÐ™Ð”Ð•Ð Ð¡Ð¢ÐÐ¢Ð£Ð¡-2! Ð¢Ð¸ÐºÐµÑ‚ 2: row-status-2, cell-status-2; âœ… ÐÐÐ™Ð”Ð•Ð Ð¡Ð¢ÐÐ¢Ð£Ð¡-2! Ð¢Ð¸ÐºÐµÑ‚ 3: row-status-2, cell-status-2; âœ… ÐÐÐ™Ð”Ð•Ð Ð¡Ð¢ÐÐ¢Ð£Ð¡-2! Ð¢Ð¸ÐºÐµÑ‚ 4: row-status-2, cell-status-2; âœ… ÐÐÐ™Ð”Ð•Ð Ð¡Ð¢ÐÐ¢Ð£Ð¡-2! Ð¢Ð¸ÐºÐµÑ‚ 5: row-status-2, cell-status-2; âœ… ÐÐÐ™Ð”Ð•Ð Ð¡Ð¢ÐÐ¢Ð£Ð¡-2! Ð¡Ð¢ÐÐ¢Ð˜Ð¡Ð¢Ð˜ÐšÐ Ð¡Ð¢ÐÐ¢Ð£Ð¡ÐžÐ’: Ð²ÑÐµÐ³Ð¾=6, Ð¾Ð±Ñ€Ð°Ð±Ð¾Ñ‚Ð°Ð½Ð½Ñ‹Ñ…=6, Ð½ÐµÐ¾Ð±Ñ€Ð°Ð±Ð¾Ñ‚Ð°Ð½Ð½Ñ‹Ñ…=0, Ð² Ñ€Ð°Ð±Ð¾Ñ‚Ðµ=0. 
2025-08-23 23:24:51.718 26748-26856 QuickCheckWorker        ru.fourpda.tickets.debug             D  ðŸŽ¯ Android.onFullStats Ð²Ñ‹Ð·Ð²Ð°Ð½: 6,6,0,0
2025-08-23 23:24:51.719 26748-26856 QuickCheckWorker        ru.fourpda.tickets.debug             D  ðŸŽ¯ Android.onNoTickets Ð²Ñ‹Ð·Ð²Ð°Ð½
2025-08-23 23:24:51.719 26748-26748 QuickCheckWorker        ru.fourpda.tickets.debug             D  ðŸ’¾ Ð¡Ð¾Ñ…Ñ€Ð°Ð½ÐµÐ½Ð° ÑÑ‚Ð°Ñ‚Ð¸ÑÑ‚Ð¸ÐºÐ° Ð¸Ð· console: Ð²ÑÐµÐ³Ð¾=6, Ð¾Ð±Ñ€Ð°Ð±Ð¾Ñ‚Ð°Ð½Ð¾=6, Ð½ÐµÐ¾Ð±Ñ€Ð°Ð±Ð¾Ñ‚Ð°Ð½Ð¾=0, Ð² Ñ€Ð°Ð±Ð¾Ñ‚Ðµ=0
2025-08-23 23:24:51.719 26748-26748 IntentDebugger          ru.fourpda.tickets.debug             D  ðŸ”§ Ð¡Ð¾Ð·Ð´Ð°ÐµÐ¼ Ñ€Ð¾Ð±Ð°ÑÑ‚Ð½Ñ‹Ð¹ Ð¸Ð½Ñ‚ÐµÐ½Ñ‚ Ð´Ð»Ñ: https://4pda.to/forum/index.php?act=ticket
2025-08-23 23:24:51.725 26748-26748 IntentDebugger          ru.fourpda.tickets.debug             D  âŒ Ð’ÑÐµ ÑÑ‚Ñ€Ð°Ñ‚ÐµÐ³Ð¸Ð¸ 4PDA Ð½Ðµ ÑÑ€Ð°Ð±Ð¾Ñ‚Ð°Ð»Ð¸, Ð¸ÑÐ¿Ð¾Ð»ÑŒÐ·ÑƒÐµÐ¼ Ð±Ñ€Ð°ÑƒÐ·ÐµÑ€
2025-08-23 23:24:51.727 26748-26748 NotificationUpdater     ru.fourpda.tickets.debug             D  âœ… Ð¡Ð»ÑƒÐ¶ÐµÐ±Ð½Ð¾Ðµ ÑƒÐ²ÐµÐ´Ð¾Ð¼Ð»ÐµÐ½Ð¸Ðµ Ð¾Ð±Ð½Ð¾Ð²Ð»ÐµÐ½Ð¾: 6 Ñ‚Ð¸ÐºÐµÑ‚Ð¾Ð², Ð¸Ð½Ñ‚ÐµÑ€Ð²Ð°Ð» 60Ñ, Ð°Ð²Ñ‚Ð¾Ñ€Ð¸Ð·Ð¾Ð²Ð°Ð½=true
2025-08-23 23:24:51.727 26748-26748 QuickCheckWorker        ru.fourpda.tickets.debug             D  ðŸ“± Ð£Ð²ÐµÐ´Ð¾Ð¼Ð»ÐµÐ½Ð¸Ðµ Ð¾Ð±Ð½Ð¾Ð²Ð»ÐµÐ½Ð¾ Ð¿Ð¾ÑÐ»Ðµ Ð±Ñ‹ÑÑ‚Ñ€Ð¾Ð¹ Ð¿Ñ€Ð¾Ð²ÐµÑ€ÐºÐ¸
2025-08-23 23:24:51.727 26748-26748 chromium                ru.fourpda.tickets.debug             I  [INFO:CONSOLE:151] "DEBUG [8:24:50 PM]: ÐÐ½Ð°Ð»Ð¸Ð· ÑÑ‚Ñ€Ð°Ð½Ð¸Ñ†Ñ‹ Ñ‚Ð¸ÐºÐµÑ‚Ð¾Ð² 4PDA: ÐÐ°Ð¹Ð´ÐµÐ½Ð¾ ÑÑ‚Ñ€Ð¾Ðº Ñ‚Ð¸ÐºÐµÑ‚Ð¾Ð²: 6. Ð¢Ð¸ÐºÐµÑ‚ 0: row-status-2, cell-status-2; âœ… ÐÐÐ™Ð”Ð•Ð Ð¡Ð¢ÐÐ¢Ð£Ð¡-2! Ð¢Ð¸ÐºÐµÑ‚ 1: row-status-2, cell-status-2; âœ… ÐÐÐ™Ð”Ð•Ð Ð¡Ð¢ÐÐ¢Ð£Ð¡-2! Ð¢Ð¸ÐºÐµÑ‚ 2: row-status-2, cell-status-2; âœ… ÐÐÐ™Ð”Ð•Ð Ð¡Ð¢ÐÐ¢Ð£Ð¡-2! Ð¢Ð¸ÐºÐµÑ‚ 3: row-status-2, cell-status-2; âœ… ÐÐÐ™Ð”Ð•Ð Ð¡Ð¢ÐÐ¢Ð£Ð¡-2! Ð¢Ð¸ÐºÐµÑ‚ 4: row-status-2, cell-status-2; âœ… ÐÐÐ™Ð”Ð•Ð Ð¡Ð¢ÐÐ¢Ð£Ð¡-2! Ð¢Ð¸ÐºÐµÑ‚ 5: row-status-2, cell-status-2; âœ… ÐÐÐ™Ð”Ð•Ð Ð¡Ð¢ÐÐ¢Ð£Ð¡-2! Ð¡Ð¢ÐÐ¢Ð˜Ð¡Ð¢Ð˜ÐšÐ Ð¡Ð¢ÐÐ¢Ð£Ð¡ÐžÐ’: Ð²ÑÐµÐ³Ð¾=6, Ð¾Ð±Ñ€Ð°Ð±Ð¾Ñ‚Ð°Ð½Ð½Ñ‹Ñ…=6, Ð½ÐµÐ¾Ð±Ñ€Ð°Ð±Ð¾Ñ‚Ð°Ð½Ð½Ñ‹Ñ…=0, Ð² Ñ€Ð°Ð±Ð¾Ñ‚Ðµ=0. ", source:  (151)
2025-08-23 23:24:51.727 26748-26748 QuickCheckWorker        ru.fourpda.tickets.debug             D  ðŸ“Š ÐŸÐµÑ€ÐµÑ…Ð²Ð°Ñ‡ÐµÐ½Ð° ÑÑ‚Ð°Ñ‚Ð¸ÑÑ‚Ð¸ÐºÐ° Ð¸Ð· console: TicketJS.logDebug: DEBUG [8:24:50 PM]: ÐÐ½Ð°Ð»Ð¸Ð· ÑÑ‚Ñ€Ð°Ð½Ð¸Ñ†Ñ‹ Ñ‚Ð¸ÐºÐµÑ‚Ð¾Ð² 4PDA: ÐÐ°Ð¹Ð´ÐµÐ½Ð¾ ÑÑ‚Ñ€Ð¾Ðº Ñ‚Ð¸ÐºÐµÑ‚Ð¾Ð²: 6. Ð¢Ð¸ÐºÐµÑ‚ 0: row-status-2, cell-status-2; âœ… ÐÐÐ™Ð”Ð•Ð Ð¡Ð¢ÐÐ¢Ð£Ð¡-2! Ð¢Ð¸ÐºÐµÑ‚ 1: row-status-2, cell-status-2; âœ… ÐÐÐ™Ð”Ð•Ð Ð¡Ð¢ÐÐ¢Ð£Ð¡-2! Ð¢Ð¸ÐºÐµÑ‚ 2: row-status-2, cell-status-2; âœ… ÐÐÐ™Ð”Ð•Ð Ð¡Ð¢ÐÐ¢Ð£Ð¡-2! Ð¢Ð¸ÐºÐµÑ‚ 3: row-status-2, cell-status-2; âœ… ÐÐÐ™Ð”Ð•Ð Ð¡Ð¢ÐÐ¢Ð£Ð¡-2! Ð¢Ð¸ÐºÐµÑ‚ 4: row-status-2, cell-status-2; âœ… ÐÐÐ™Ð”Ð•Ð Ð¡Ð¢ÐÐ¢Ð£Ð¡-2! Ð¢Ð¸ÐºÐµÑ‚ 5: row-status-2, cell-status-2; âœ… ÐÐÐ™Ð”Ð•Ð Ð¡Ð¢ÐÐ¢Ð£Ð¡-2! Ð¡Ð¢ÐÐ¢Ð˜Ð¡Ð¢Ð˜ÐšÐ Ð¡Ð¢ÐÐ¢Ð£Ð¡ÐžÐ’: Ð²ÑÐµÐ³Ð¾=6, Ð¾Ð±Ñ€Ð°Ð±Ð¾Ñ‚Ð°Ð½Ð½Ñ‹Ñ…=6, Ð½ÐµÐ¾Ð±Ñ€Ð°Ð±Ð¾Ñ‚Ð°Ð½Ð½Ñ‹Ñ…=0, Ð² Ñ€Ð°Ð±Ð¾Ñ‚Ðµ=0. 
2025-08-23 23:24:51.728 26748-26748 QuickCheckWorker        ru.fourpda.tickets.debug             D  ðŸ’¾ Ð¡Ð¾Ñ…Ñ€Ð°Ð½ÐµÐ½Ð° ÑÑ‚Ð°Ñ‚Ð¸ÑÑ‚Ð¸ÐºÐ° Ð¸Ð· console: Ð²ÑÐµÐ³Ð¾=6, Ð¾Ð±Ñ€Ð°Ð±Ð¾Ñ‚Ð°Ð½Ð¾=6, Ð½ÐµÐ¾Ð±Ñ€Ð°Ð±Ð¾Ñ‚Ð°Ð½Ð¾=0, Ð² Ñ€Ð°Ð±Ð¾Ñ‚Ðµ=0
2025-08-23 23:24:51.728 26748-26748 IntentDebugger          ru.fourpda.tickets.debug             D  ðŸ”§ Ð¡Ð¾Ð·Ð´Ð°ÐµÐ¼ Ñ€Ð¾Ð±Ð°ÑÑ‚Ð½Ñ‹Ð¹ Ð¸Ð½Ñ‚ÐµÐ½Ñ‚ Ð´Ð»Ñ: https://4pda.to/forum/index.php?act=ticket
2025-08-23 23:24:51.733 26748-26748 IntentDebugger          ru.fourpda.tickets.debug             D  âŒ Ð’ÑÐµ ÑÑ‚Ñ€Ð°Ñ‚ÐµÐ³Ð¸Ð¸ 4PDA Ð½Ðµ ÑÑ€Ð°Ð±Ð¾Ñ‚Ð°Ð»Ð¸, Ð¸ÑÐ¿Ð¾Ð»ÑŒÐ·ÑƒÐµÐ¼ Ð±Ñ€Ð°ÑƒÐ·ÐµÑ€
2025-08-23 23:24:51.735 26748-26748 NotificationUpdater     ru.fourpda.tickets.debug             D  âœ… Ð¡Ð»ÑƒÐ¶ÐµÐ±Ð½Ð¾Ðµ ÑƒÐ²ÐµÐ´Ð¾Ð¼Ð»ÐµÐ½Ð¸Ðµ Ð¾Ð±Ð½Ð¾Ð²Ð»ÐµÐ½Ð¾: 6 Ñ‚Ð¸ÐºÐµÑ‚Ð¾Ð², Ð¸Ð½Ñ‚ÐµÑ€Ð²Ð°Ð» 60Ñ, Ð°Ð²Ñ‚Ð¾Ñ€Ð¸Ð·Ð¾Ð²Ð°Ð½=true
2025-08-23 23:24:51.735 26748-26748 QuickCheckWorker        ru.fourpda.tickets.debug             D  ðŸ“± Ð£Ð²ÐµÐ´Ð¾Ð¼Ð»ÐµÐ½Ð¸Ðµ Ð¾Ð±Ð½Ð¾Ð²Ð»ÐµÐ½Ð¾ Ð¿Ð¾ÑÐ»Ðµ Ð±Ñ‹ÑÑ‚Ñ€Ð¾Ð¹ Ð¿Ñ€Ð¾Ð²ÐµÑ€ÐºÐ¸
2025-08-23 23:24:51.735 26748-26748 chromium                ru.fourpda.tickets.debug             I  [INFO:CONSOLE:15] "TicketJS.logDebug: DEBUG [8:24:50 PM]: ÐÐ½Ð°Ð»Ð¸Ð· ÑÑ‚Ñ€Ð°Ð½Ð¸Ñ†Ñ‹ Ñ‚Ð¸ÐºÐµÑ‚Ð¾Ð² 4PDA: ÐÐ°Ð¹Ð´ÐµÐ½Ð¾ ÑÑ‚Ñ€Ð¾Ðº Ñ‚Ð¸ÐºÐµÑ‚Ð¾Ð²: 6. Ð¢Ð¸ÐºÐµÑ‚ 0: row-status-2, cell-status-2; âœ… ÐÐÐ™Ð”Ð•Ð Ð¡Ð¢ÐÐ¢Ð£Ð¡-2! Ð¢Ð¸ÐºÐµÑ‚ 1: row-status-2, cell-status-2; âœ… ÐÐÐ™Ð”Ð•Ð Ð¡Ð¢ÐÐ¢Ð£Ð¡-2! Ð¢Ð¸ÐºÐµÑ‚ 2: row-status-2, cell-status-2; âœ… ÐÐÐ™Ð”Ð•Ð Ð¡Ð¢ÐÐ¢Ð£Ð¡-2! Ð¢Ð¸ÐºÐµÑ‚ 3: row-status-2, cell-status-2; âœ… ÐÐÐ™Ð”Ð•Ð Ð¡Ð¢ÐÐ¢Ð£Ð¡-2! Ð¢Ð¸ÐºÐµÑ‚ 4: row-status-2, cell-status-2; âœ… ÐÐÐ™Ð”Ð•Ð Ð¡Ð¢ÐÐ¢Ð£Ð¡-2! Ð¢Ð¸ÐºÐµÑ‚ 5: row-status-2, cell-status-2; âœ… ÐÐÐ™Ð”Ð•Ð Ð¡Ð¢ÐÐ¢Ð£Ð¡-2! Ð¡Ð¢ÐÐ¢Ð˜Ð¡Ð¢Ð˜ÐšÐ Ð¡Ð¢ÐÐ¢Ð£Ð¡ÐžÐ’: Ð²ÑÐµÐ³Ð¾=6, Ð¾Ð±Ñ€Ð°Ð±Ð¾Ñ‚Ð°Ð½Ð½Ñ‹Ñ…=6, Ð½ÐµÐ¾Ð±Ñ€Ð°Ð±Ð¾Ñ‚Ð°Ð½Ð½Ñ‹Ñ…=0, Ð² Ñ€Ð°Ð±Ð¾Ñ‚Ðµ=0. ", source:  (15)
2025-08-23 23:24:51.736 26748-26748 chromium                ru.fourpda.tickets.debug             I  [INFO:CONSOLE:11] "TicketJS.onFullStats called: 6,6,0,0", source:  (11)
2025-08-23 23:24:51.736 26748-26748 chromium                ru.fourpda.tickets.debug             I  [INFO:CONSOLE:7] "TicketJS.onNoTickets called", source:  (7)
2025-08-23 23:24:51.736 26748-26748 TicketMonitor           ru.fourpda.tickets.debug             D  DEBUG [8:24:50 PM]: ÐÐ½Ð°Ð»Ð¸Ð· ÑÑ‚Ñ€Ð°Ð½Ð¸Ñ†Ñ‹ Ñ‚Ð¸ÐºÐµÑ‚Ð¾Ð² 4PDA: ÐÐ°Ð¹Ð´ÐµÐ½Ð¾ ÑÑ‚Ñ€Ð¾Ðº Ñ‚Ð¸ÐºÐµÑ‚Ð¾Ð²: 6. Ð¢Ð¸ÐºÐµÑ‚ 0: row-status-2, cell-status-2; âœ… ÐÐÐ™Ð”Ð•Ð Ð¡Ð¢ÐÐ¢Ð£Ð¡-2! Ð¢Ð¸ÐºÐµÑ‚ 1: row-status-2, cell-status-2; âœ… ÐÐÐ™Ð”Ð•Ð Ð¡Ð¢ÐÐ¢Ð£Ð¡-2! Ð¢Ð¸ÐºÐµÑ‚ 2: row-status-2, cell-status-2; âœ… ÐÐÐ™Ð”Ð•Ð Ð¡Ð¢ÐÐ¢Ð£Ð¡-2! Ð¢Ð¸ÐºÐµÑ‚ 3: row-status-2, cell-status-2; âœ… ÐÐÐ™Ð”Ð•Ð Ð¡Ð¢ÐÐ¢Ð£Ð¡-2! Ð¢Ð¸ÐºÐµÑ‚ 4: row-status-2, cell-status-2; âœ… ÐÐÐ™Ð”Ð•Ð Ð¡Ð¢ÐÐ¢Ð£Ð¡-2! Ð¢Ð¸ÐºÐµÑ‚ 5: row-status-2, cell-status-2; âœ… ÐÐÐ™Ð”Ð•Ð Ð¡Ð¢ÐÐ¢Ð£Ð¡-2! Ð¡Ð¢ÐÐ¢Ð˜Ð¡Ð¢Ð˜ÐšÐ Ð¡Ð¢ÐÐ¢Ð£Ð¡ÐžÐ’: Ð²ÑÐµÐ³Ð¾=6, Ð¾Ð±Ñ€Ð°Ð±Ð¾Ñ‚Ð°Ð½Ð½Ñ‹Ñ…=6, Ð½ÐµÐ¾Ð±Ñ€Ð°Ð±Ð¾Ñ‚Ð°Ð½Ð½Ñ‹Ñ…=0, Ð² Ñ€Ð°Ð±Ð¾Ñ‚Ðµ=0. 
2025-08-23 23:24:51.737 26748-26748 TicketMonitor           ru.fourpda.tickets.debug             D  ðŸ“Š ÐŸÐ¾Ð»ÑƒÑ‡ÐµÐ½Ð° Ð¿Ð¾Ð»Ð½Ð°Ñ ÑÑ‚Ð°Ñ‚Ð¸ÑÑ‚Ð¸ÐºÐ°: Ð²ÑÐµÐ³Ð¾=6, Ð¾Ð±Ñ€Ð°Ð±Ð¾Ñ‚Ð°Ð½Ð½Ñ‹Ñ…=6, Ð½ÐµÐ¾Ð±Ñ€Ð°Ð±Ð¾Ñ‚Ð°Ð½Ð½Ñ‹Ñ…=0, Ð² Ñ€Ð°Ð±Ð¾Ñ‚Ðµ=0
2025-08-23 23:24:51.740 26748-26748 TicketMonitor           ru.fourpda.tickets.debug             D  ðŸ“Š ÐžÑ‚Ð¿Ñ€Ð°Ð²Ð»ÐµÐ½Ð° ÑÑ‚Ð°Ñ‚Ð¸ÑÑ‚Ð¸ÐºÐ°: Ð²ÑÐµÐ³Ð¾=6, Ð¾Ð±Ñ€Ð°Ð±Ð¾Ñ‚Ð°Ð½Ð½Ñ‹Ñ…=6, Ð½ÐµÐ¾Ð±Ñ€Ð°Ð±Ð¾Ñ‚Ð°Ð½Ð½Ñ‹Ñ…=0, Ð² Ñ€Ð°Ð±Ð¾Ñ‚Ðµ=0
2025-08-23 23:24:51.740 26748-26748 QuickCheckWorker        ru.fourpda.tickets.debug             D  ðŸ“Š ÐŸÐ¾Ð»ÑƒÑ‡ÐµÐ½Ð° ÑÑ‚Ð°Ñ‚Ð¸ÑÑ‚Ð¸ÐºÐ°: ÐœÐ¾Ð½Ð¸Ñ‚Ð¾Ñ€Ð¸Ð½Ð³: Ð²ÑÐµÐ³Ð¾=6, Ð¾Ð±Ñ€Ð°Ð±Ð¾Ñ‚Ð°Ð½Ð¾=6, Ð½Ð¾Ð²Ñ‹Ðµ=0, Ð² Ñ€Ð°Ð±Ð¾Ñ‚Ðµ=0
2025-08-23 23:24:51.742 26748-26748 QuickCheckWorker        ru.fourpda.tickets.debug             D  ðŸ’¾ Ð¡Ð¾Ñ…Ñ€Ð°Ð½ÐµÐ½Ð° ÑÑ‚Ð°Ñ‚Ð¸ÑÑ‚Ð¸ÐºÐ°: Ð²ÑÐµÐ³Ð¾=6, Ð¾Ð±Ñ€Ð°Ð±Ð¾Ñ‚Ð°Ð½Ð¾=6, Ð½ÐµÐ¾Ð±Ñ€Ð°Ð±Ð¾Ñ‚Ð°Ð½Ð¾=0, Ð½Ð¾Ð²Ñ‹Ðµ=0, Ð² Ñ€Ð°Ð±Ð¾Ñ‚Ðµ=0
2025-08-23 23:24:51.742 26748-26748 TicketMonitor           ru.fourpda.tickets.debug             D  JavaScript: Ð¢Ð¸ÐºÐµÑ‚Ð¾Ð² ÑÐ¾ ÑÑ‚Ð°Ñ‚ÑƒÑÐ¾Ð¼ 0 Ð¿Ð¾ÐºÐ° Ð½ÐµÑ‚
2025-08-23 23:24:51.742 26748-26748 TicketMonitor           ru.fourpda.tickets.debug             D  JavaScript: Ð¢Ð¸ÐºÐµÑ‚Ð¾Ð² ÑÐ¾ ÑÑ‚Ð°Ñ‚ÑƒÑÐ¾Ð¼ 0 Ð¿Ð¾ÐºÐ° Ð½ÐµÑ‚
2025-08-23 23:24:51.742 26748-26748 QuickCheckWorker        ru.fourpda.tickets.debug             D  ðŸ“Š ÐŸÐ¾Ð»ÑƒÑ‡ÐµÐ½Ð° ÑÑ‚Ð°Ñ‚Ð¸ÑÑ‚Ð¸ÐºÐ°: ÐÐºÑ‚Ð¸Ð²Ð½Ð¾ Ñ‚Ð¸ÐºÐµÑ‚Ð¾Ð²: 0
2025-08-23 23:24:51.742 26748-26748 QuickCheckWorker        ru.fourpda.tickets.debug             D  ðŸ’¾ Ð¡Ð¾Ñ…Ñ€Ð°Ð½ÐµÐ½Ð° Ñ‚Ð¾Ð»ÑŒÐºÐ¾ Ð¸Ð½Ñ„Ð¾Ñ€Ð¼Ð°Ñ†Ð¸Ñ Ð¾Ð± Ð°Ð²Ñ‚Ð¾Ñ€Ð¸Ð·Ð°Ñ†Ð¸Ð¸ (ÑÑ‚Ð°Ñ‚Ð¸ÑÑ‚Ð¸ÐºÐ° Ð½Ðµ Ð½Ð°Ð¹Ð´ÐµÐ½Ð°)
2025-08-23 23:24:51.743 26748-26748 MainActivity            ru.fourpda.tickets.debug             D  ðŸ” isMonitoringServiceRunning: explicitly_stopped=false, canScheduleAlarms=true, result=true
2025-08-23 23:24:54.174 26748-26748 InsetsController        ru.fourpda.tickets.debug             D  hide(ime(), fromIme=false)
2025-08-23 23:24:54.174 26748-26748 ImeTracker              ru.fourpda.tickets.debug             I  ru.fourpda.tickets.debug:ff0dc55: onCancelled at PHASE_CLIENT_ALREADY_HIDDEN
2025-08-23 23:24:56.699 26748-26748 QuickCheckWorker        ru.fourpda.tickets.debug             D  â¹ï¸ Ð—Ð°Ð²ÐµÑ€ÑˆÐ°ÐµÐ¼ Ð¼Ð¾Ð½Ð¸Ñ‚Ð¾Ñ€Ð¸Ð½Ð³
2025-08-23 23:24:56.699 26748-26748 TicketMonitor           ru.fourpda.tickets.debug             D  â¹ï¸ ÐžÑÑ‚Ð°Ð½Ð¾Ð²ÐºÐ° Ð¼Ð¾Ð½Ð¸Ñ‚Ð¾Ñ€Ð¸Ð½Ð³Ð°
2025-08-23 23:24:56.705 26748-26853 QuickCheckWorker        ru.fourpda.tickets.debug             D  âœ… Ð‘Ñ‹ÑÑ‚Ñ€Ð°Ñ Ð¿Ñ€Ð¾Ð²ÐµÑ€ÐºÐ° Ð·Ð°Ð²ÐµÑ€ÑˆÐµÐ½Ð° ÑƒÑÐ¿ÐµÑˆÐ½Ð¾
2025-08-23 23:24:56.705 26748-26853 QuickCheckWorker        ru.fourpda.tickets.debug             D  âœ… Ð‘Ñ‹ÑÑ‚Ñ€Ð°Ñ Ð¿Ñ€Ð¾Ð²ÐµÑ€ÐºÐ° Ð·Ð°Ð²ÐµÑ€ÑˆÐµÐ½Ð° ÑƒÑÐ¿ÐµÑˆÐ½Ð¾
2025-08-23 23:24:56.705 26748-26853 IntentDebugger          ru.fourpda.tickets.debug             D  ðŸ”§ Ð¡Ð¾Ð·Ð´Ð°ÐµÐ¼ Ñ€Ð¾Ð±Ð°ÑÑ‚Ð½Ñ‹Ð¹ Ð¸Ð½Ñ‚ÐµÐ½Ñ‚ Ð´Ð»Ñ: https://4pda.to/forum/index.php?act=ticket
2025-08-23 23:24:56.711 26748-26853 IntentDebugger          ru.fourpda.tickets.debug             D  âŒ Ð’ÑÐµ ÑÑ‚Ñ€Ð°Ñ‚ÐµÐ³Ð¸Ð¸ 4PDA Ð½Ðµ ÑÑ€Ð°Ð±Ð¾Ñ‚Ð°Ð»Ð¸, Ð¸ÑÐ¿Ð¾Ð»ÑŒÐ·ÑƒÐµÐ¼ Ð±Ñ€Ð°ÑƒÐ·ÐµÑ€
2025-08-23 23:24:56.713 26748-26853 NotificationUpdater     ru.fourpda.tickets.debug             D  âœ… Ð¡Ð»ÑƒÐ¶ÐµÐ±Ð½Ð¾Ðµ ÑƒÐ²ÐµÐ´Ð¾Ð¼Ð»ÐµÐ½Ð¸Ðµ Ð¾Ð±Ð½Ð¾Ð²Ð»ÐµÐ½Ð¾: 6 Ñ‚Ð¸ÐºÐµÑ‚Ð¾Ð², Ð¸Ð½Ñ‚ÐµÑ€Ð²Ð°Ð» 60Ñ, Ð°Ð²Ñ‚Ð¾Ñ€Ð¸Ð·Ð¾Ð²Ð°Ð½=true
2025-08-23 23:24:56.713 26748-26853 QuickCheckWorker        ru.fourpda.tickets.debug             D  ðŸ“± Ð£Ð²ÐµÐ´Ð¾Ð¼Ð»ÐµÐ½Ð¸Ðµ Ð¾Ð±Ð½Ð¾Ð²Ð»ÐµÐ½Ð¾ Ð¿Ð¾ÑÐ»Ðµ Ð±Ñ‹ÑÑ‚Ñ€Ð¾Ð¹ Ð¿Ñ€Ð¾Ð²ÐµÑ€ÐºÐ¸
2025-08-23 23:24:56.715 26748-26768 WM-WorkerWrapper        ru.fourpda.tickets.debug             I  Worker result SUCCESS for Work [ id=4bd6d730-4633-4fa3-ab46-e3c29b83a314, tags={ ru.fourpda.tickets.QuickCheckWorker, immediate_start_check } ]
2025-08-23 23:24:56.730 26748-26748 a.tickets.debug         ru.fourpda.tickets.debug             I  hiddenapi: Accessing hidden field Landroid/app/ActivityThread;->mServices:Landroid/util/ArrayMap; (runtime_flags=0, domain=platform, api=unsupported) from Lleakcanary/ServiceWatcher$activityThreadServices$2; (domain=app) using reflection: allowed
2025-08-23 23:24:56.731 26748-26748 LeakCanary              ru.fourpda.tickets.debug             D  Watching instance of androidx.work.impl.background.systemjob.SystemJobService (androidx.work.impl.background.systemjob.SystemJobService received Service#onDestroy() callback) with key 4c235c65-a084-4072-8557-999af79817b1
2025-08-23 23:25:01.747 26748-26764 a.tickets.debug         ru.fourpda.tickets.debug             I  Explicit concurrent mark compact GC freed 836KB AllocSpace bytes, 0(0B) LOS objects, 49% free, 4869KB/9739KB, paused 579us,957us total 14.952ms
---------------------------- PROCESS ENDED (26748) for package ru.fourpda.tickets.debug ----------------------------
2025-08-23 23:25:07.161   710-817   InputDispatcher         system_server                        E  channel '7ff9266 ru.fourpda.tickets.debug/ru.fourpda.tickets.MainActivity' ~ Channel is unrecoverably broken and will be disposed!
